// Jest Snapshot v1, https://goo.gl/fbAQLP

exports[`<Index /> should render correctly with result 1`] = `
<div>
  <div
    className="index"
  >
    <h1>
      index:content.header
    </h1>
    <p>
      index:content.subTitle
    </p>
    <ul>
      <li
        key="975"
      >
        <Link
          as="/shows/975-Batman"
          href="/show?id=975"
          prefetch={true}
        >
          <a>
            Batman
             
            (8.2)
          </a>
        </Link>
      </li>
      <li
        key="481"
      >
        <Link
          as="/shows/481-The-Batman"
          href="/show?id=481"
          prefetch={true}
        >
          <a>
            The Batman
             
            (8.3)
          </a>
        </Link>
      </li>
      <li
        key="504"
      >
        <Link
          as="/shows/504-Batman-Beyond"
          href="/show?id=504"
          prefetch={true}
        >
          <a>
            Batman Beyond
             
            (9)
          </a>
        </Link>
      </li>
      <li
        key="757"
      >
        <Link
          as="/shows/757-Batman-The-Animated-Series"
          href="/show?id=757"
          prefetch={true}
        >
          <a>
            Batman: The Animated Series
             
            (9.3)
          </a>
        </Link>
      </li>
      <li
        key="11464"
      >
        <Link
          as="/shows/11464-Batman-Unlimited"
          href="/show?id=11464"
          prefetch={true}
        >
          <a>
            Batman Unlimited
             
            (10)
          </a>
        </Link>
      </li>
      <li
        key="3557"
      >
        <Link
          as="/shows/3557-Beware-the-Batman"
          href="/show?id=3557"
          prefetch={true}
        >
          <a>
            Beware the Batman
             
            (10)
          </a>
        </Link>
      </li>
      <li
        key="33618"
      >
        <Link
          as="/shows/33618-The-Adventures-of-Batman"
          href="/show?id=33618"
          prefetch={true}
        >
          <a>
            The Adventures of Batman
             
          </a>
        </Link>
      </li>
      <li
        key="900"
      >
        <Link
          as="/shows/900-Batman-The-Brave-and-The-Bold"
          href="/show?id=900"
          prefetch={true}
        >
          <a>
            Batman: The Brave and The Bold
             
            (9.4)
          </a>
        </Link>
      </li>
      <li
        key="5951"
      >
        <Link
          as="/shows/5951-The-New-Batman-Adventures"
          href="/show?id=5951"
          prefetch={true}
        >
          <a>
            The New Batman Adventures
             
            (8.6)
          </a>
        </Link>
      </li>
      <li
        key="22309"
      >
        <Link
          as="/shows/22309-Batman-Black-and-White"
          href="/show?id=22309"
          prefetch={true}
        >
          <a>
            Batman: Black and White
             
          </a>
        </Link>
      </li>
    </ul>
  </div>
</div>
`;
