// Jest Snapshot v1, https://goo.gl/fbAQLP

exports[`<Show /> should render correctly with result 1`] = `
<div>
  <div
    className="show"
  >
    <h1>
      Batman
    </h1>
    <div
      className="row"
    >
      <div
        className="col-md-3"
      >
        <img
          className="img-fluid"
          src="http://static.tvmaze.com/uploads/images/medium_portrait/6/16463.jpg"
        />
      </div>
      <div
        className="col-md-9"
      >
        <div
          dangerouslySetInnerHTML={
            Object {
              "__html": "<p>Wealthy entrepreneur Bruce Wayne and his ward Dick Grayson lead a double life: they are actually crime fighting duo Batman and Robin. A secret Batpole in the Wayne mansion leads to the Batcave, where Police Commissioner Gordon often calls with the latest emergency threatening Gotham City. Racing to the scene of the crime in the Batmobile, Batman and Robin must (with the help of their trusty Bat-utility-belt) thwart the efforts of a variety of master criminals, including Catwoman, Egghead, The Joker, King Tut, The Penguin, and The Riddler.</p>",
            }
          }
        />
      </div>
    </div>
    <div
      className="row text-center"
    >
      <div
        className="col-md-12"
      >
        <Link
          as="/"
          href="/index"
        >
          <a
            className="btn btn-primary"
          >
            Back
          </a>
        </Link>
      </div>
    </div>
  </div>
</div>
`;
