// Jest Snapshot v1, https://goo.gl/fbAQLP

exports[`<Header /> should render correctly with imagePath=/ 1`] = `
<div
  className="header"
>
  <div
    className="container"
  >
    <Link
      as="/"
      href="/index"
    >
      <a>
        <img
          src="/static/test/images/favicon.png"
        />
      </a>
    </Link>
    <span>
      common:header.title
    </span>
  </div>
</div>
`;
