// Jest Snapshot v1, https://goo.gl/fbAQLP

exports[`<Document /> should render correctly 1`] = `
<html>
  <Head>
    <meta
      content="initial-scale=1.0, width=device-width"
      key="viewport"
      name="viewport"
    />
    <link
      href="/static/test/images/favicon.png"
      rel="shortcut icon"
    />
    <link
      crossOrigin="anonymous"
      href="https://maxcdn.bootstrapcdn.com/bootstrap/4.0.0-beta.3/css/bootstrap.min.css"
      integrity="sha384-Zug+QiDoJOrZ5t4lssLdxGhVrurbmBWopoEl+M6BdEfwnCJZtKxi1KgxUyJq13dy"
      rel="stylesheet"
    />
    <link
      href="/static/test/styles/bundle.css"
      rel="stylesheet"
    />
  </Head>
  <body>
    <Main />
    <NextScript />
  </body>
</html>
`;
